// Jest Snapshot v1, https://goo.gl/fbAQLP

exports[`Filtering games filtering large collections filter large collections 1`] = `
Array [
  Object {
    "averagerating": 8.28566,
    "families": Array [
      Object {
        "bayesaverage": 7.79096,
        "friendlyName": "Family Game Rank",
        "name": "familygames",
        "type": "family",
        "value": NaN,
      },
    ],
    "id": 160069,
    "imageUrl": "https://cf.geekdo-images.com/original/img/9k-BzSgfdQ6tCt_79mMsMgY2kd8=/0x0/pic1927856.jpg",
    "maxPlayers": 5,
    "maxPlaytime": 60,
    "minPlayers": 2,
    "minPlaytime": 30,
    "name": "Ticket to Ride: 10th Anniversary",
    "numberOwned": 9362,
    "playingTime": 60,
    "thumbnailUrl": "https://cf.geekdo-images.com/thumb/img/2ad5x7FpMRqU7hb84dQRrQpDpdY=/fit-in/200x150/pic1927856.jpg",
    "userRating": Object {
      "Warium": 10,
    },
    "yearPublished": 2014,
  },
  Object {
    "averagerating": 7.77437,
    "families": Array [
      Object {
        "bayesaverage": 7.64779,
        "friendlyName": "Strategy Game Rank",
        "name": "strategygames",
        "type": "family",
        "value": 48,
      },
      Object {
        "bayesaverage": 7.67696,
        "friendlyName": "Family Game Rank",
        "name": "familygames",
        "type": "family",
        "value": 3,
      },
    ],
    "id": 68448,
    "imageUrl": "https://cf.geekdo-images.com/original/img/3DP_RW5lTX0WrV67s8qi8CsiXoQ=/0x0/pic860217.jpg",
    "maxPlayers": 7,
    "maxPlaytime": 30,
    "minPlayers": 2,
    "minPlaytime": 30,
    "name": "7 Wonders",
    "numberOwned": 94104,
    "playingTime": 30,
    "thumbnailUrl": "https://cf.geekdo-images.com/thumb/img/Grz-qM9xwxlvQGK7B-MiljtO9pQ=/fit-in/200x150/pic860217.jpg",
    "userRating": Object {
      "Warium": 7.5,
    },
    "yearPublished": 2010,
  },
  Object {
    "averagerating": 7.74295,
    "families": Array [
      Object {
        "bayesaverage": 7.45419,
        "friendlyName": "Party Game Rank",
        "name": "partygames",
        "type": "family",
        "value": 3,
      },
    ],
    "id": 36553,
    "imageUrl": "https://cf.geekdo-images.com/original/img/Ef0XenJprai84FmmSPbMZTKifmM=/0x0/pic3690447.jpg",
    "maxPlayers": 18,
    "maxPlaytime": 60,
    "minPlayers": 4,
    "minPlaytime": 60,
    "name": "Time's Up! Title Recall!",
    "numberOwned": 4116,
    "playingTime": 60,
    "thumbnailUrl": "https://cf.geekdo-images.com/thumb/img/j1w4yhBLsNhYrzGLAe9aI59HCwo=/fit-in/200x150/pic3690447.jpg",
    "userRating": Object {
      "Warium": 9.5,
    },
    "yearPublished": 2008,
  },
  Object {
    "averagerating": 7.71678,
    "families": Array [
      Object {
        "bayesaverage": 7.58218,
        "friendlyName": "Strategy Game Rank",
        "name": "strategygames",
        "type": "family",
        "value": 63,
      },
    ],
    "id": 132531,
    "imageUrl": "https://cf.geekdo-images.com/original/img/SBmipyinTpLle9HmAfE0jJWKj3I=/0x0/pic1473629.jpg",
    "maxPlayers": 5,
    "maxPlaytime": 45,
    "minPlayers": 2,
    "minPlaytime": 45,
    "name": "Roll for the Galaxy",
    "numberOwned": 27547,
    "playingTime": 45,
    "thumbnailUrl": "https://cf.geekdo-images.com/thumb/img/k3jYCE3FCLUkcJH3OhGt-LXZPMA=/fit-in/200x150/pic1473629.jpg",
    "userRating": Object {
      "Warium": 9,
    },
    "yearPublished": 2014,
  },
  Object {
    "averagerating": 7.59935,
    "families": Array [
      Object {
        "bayesaverage": 7.33972,
        "friendlyName": "Thematic Rank",
        "name": "thematic",
        "type": "family",
        "value": 44,
      },
    ],
    "id": 129437,
    "imageUrl": "https://cf.geekdo-images.com/original/img/Zs228bvKFb5jHoYvscyYBAph-QY=/0x0/pic1430769.jpg",
    "maxPlayers": 5,
    "maxPlaytime": 45,
    "minPlayers": 1,
    "minPlaytime": 45,
    "name": "Legendary: A Marvel Deck Building Game",
    "numberOwned": 26718,
    "playingTime": 45,
    "thumbnailUrl": "https://cf.geekdo-images.com/thumb/img/3iHQT7yoRs_1qn-KaF4NR9b1Sp8=/fit-in/200x150/pic1430769.jpg",
    "userRating": Object {
      "Warium": 8.5,
    },
    "yearPublished": 2012,
  },
  Object {
    "averagerating": 7.55226,
    "families": Array [
      Object {
        "bayesaverage": 7.16215,
        "friendlyName": "Strategy Game Rank",
        "name": "strategygames",
        "type": "family",
        "value": 191,
      },
      Object {
        "bayesaverage": 7.18423,
        "friendlyName": "Family Game Rank",
        "name": "familygames",
        "type": "family",
        "value": 38,
      },
    ],
    "id": 161614,
    "imageUrl": "https://cf.geekdo-images.com/original/img/8cAEMIcbIiJtdiUh8xVzWFteO3M=/0x0/pic2537618.jpg",
    "maxPlayers": 5,
    "maxPlaytime": 45,
    "minPlayers": 2,
    "minPlaytime": 45,
    "name": "Stockpile",
    "numberOwned": 5406,
    "playingTime": 45,
    "thumbnailUrl": "https://cf.geekdo-images.com/thumb/img/QWe7CSk58qXmLJt8zWBgmvEcHw8=/fit-in/200x150/pic2537618.jpg",
    "userRating": Object {
      "Warium": 8,
    },
    "yearPublished": 2015,
  },
  Object {
    "averagerating": 7.53478,
    "families": Array [
      Object {
        "bayesaverage": 7.1089,
        "friendlyName": "Strategy Game Rank",
        "name": "strategygames",
        "type": "family",
        "value": NaN,
      },
      Object {
        "bayesaverage": 7.14642,
        "friendlyName": "Family Game Rank",
        "name": "familygames",
        "type": "family",
        "value": NaN,
      },
    ],
    "id": 45358,
    "imageUrl": "https://cf.geekdo-images.com/original/img/UKb2wuG2E5xhNLvSWZTgfibKwKo=/0x0/pic535726.jpg",
    "maxPlayers": 6,
    "maxPlaytime": 60,
    "minPlayers": 2,
    "minPlaytime": 60,
    "name": "Alhambra: Big Box",
    "numberOwned": 7935,
    "playingTime": 60,
    "thumbnailUrl": "https://cf.geekdo-images.com/thumb/img/8bvVGeqP1wLrjgIVzYAIO8Lc888=/fit-in/200x150/pic535726.jpg",
    "userRating": Object {
      "Warium": 8,
    },
    "yearPublished": 2009,
  },
  Object {
    "averagerating": 7.47007,
    "families": Array [
      Object {
        "bayesaverage": 7.12172,
        "friendlyName": "Strategy Game Rank",
        "name": "strategygames",
        "type": "family",
        "value": 207,
      },
    ],
    "id": 105134,
    "imageUrl": "https://cf.geekdo-images.com/original/img/-axxPwU_h4uL0sd1s44wzGiVMT0=/0x0/pic1196938.jpg",
    "maxPlayers": 5,
    "maxPlaytime": 60,
    "minPlayers": 3,
    "minPlaytime": 60,
    "name": "Risk Legacy",
    "numberOwned": 12002,
    "playingTime": 60,
    "thumbnailUrl": "https://cf.geekdo-images.com/thumb/img/VsOVVNYzSlFaCTmYOycEFiq9rNA=/fit-in/200x150/pic1196938.jpg",
    "userRating": Object {
      "Warium": 8.5,
    },
    "yearPublished": 2011,
  },
  Object {
    "averagerating": 7.42437,
    "families": Array [
      Object {
        "bayesaverage": 7.30971,
        "friendlyName": "Family Game Rank",
        "name": "familygames",
        "type": "family",
        "value": 24,
      },
    ],
    "id": 822,
    "imageUrl": "https://cf.geekdo-images.com/original/img/o4p6f88SGE899BTNMzTvERVWZ-M=/0x0/pic2337577.jpg",
    "maxPlayers": 5,
    "maxPlaytime": 45,
    "minPlayers": 2,
    "minPlaytime": 30,
    "name": "Carcassonne",
    "numberOwned": 125266,
    "playingTime": 45,
    "thumbnailUrl": "https://cf.geekdo-images.com/thumb/img/kqE4YJSm5PVkocYGl-V_IJcZQw4=/fit-in/200x150/pic2337577.jpg",
    "userRating": Object {
      "Warium": 8.5,
    },
    "yearPublished": 2000,
  },
  Object {
    "averagerating": 7.40985,
    "families": Array [
      Object {
        "bayesaverage": 7.26588,
        "friendlyName": "Party Game Rank",
        "name": "partygames",
        "type": "family",
        "value": 12,
      },
    ],
    "id": 46213,
    "imageUrl": "https://cf.geekdo-images.com/original/img/zgIw0tUZ3AH-njksawf66fdJQ58=/0x0/pic2523100.jpg",
    "maxPlayers": 8,
    "maxPlaytime": 30,
    "minPlayers": 4,
    "minPlaytime": 30,
    "name": "Telestrations",
    "numberOwned": 14607,
    "playingTime": 30,
    "thumbnailUrl": "https://cf.geekdo-images.com/thumb/img/KRHpCUvBWxDEXNe9z9pz2iH80I0=/fit-in/200x150/pic2523100.jpg",
    "userRating": Object {
      "Warium": 7.5,
    },
    "yearPublished": 2009,
  },
  Object {
    "averagerating": 7.40445,
    "families": Array [
      Object {
        "bayesaverage": 7.16043,
        "friendlyName": "Strategy Game Rank",
        "name": "strategygames",
        "type": "family",
        "value": 192,
      },
      Object {
        "bayesaverage": 7.19249,
        "friendlyName": "Family Game Rank",
        "name": "familygames",
        "type": "family",
        "value": 37,
      },
    ],
    "id": 21348,
    "imageUrl": "https://cf.geekdo-images.com/original/img/ywSVi0CRXd1SpW21GIP70eYAVYQ=/0x0/pic162026.jpg",
    "maxPlayers": 5,
    "maxPlaytime": 60,
    "minPlayers": 2,
    "minPlaytime": 30,
    "name": "Ticket to Ride: Märklin",
    "numberOwned": 10425,
    "playingTime": 60,
    "thumbnailUrl": "https://cf.geekdo-images.com/thumb/img/qlKaveJbkaWE1lgIW-ekK8eXGPI=/fit-in/200x150/pic162026.jpg",
    "userRating": Object {
      "Warium": 10,
    },
    "yearPublished": 2006,
  },
  Object {
    "averagerating": 7.32591,
    "families": Array [
      Object {
        "bayesaverage": 7.08554,
        "friendlyName": "Strategy Game Rank",
        "name": "strategygames",
        "type": "family",
        "value": 218,
      },
      Object {
        "bayesaverage": 7.1027,
        "friendlyName": "Family Game Rank",
        "name": "familygames",
        "type": "family",
        "value": 54,
      },
    ],
    "id": 90419,
    "imageUrl": "https://cf.geekdo-images.com/original/img/HH_5BT-uHxn4uifXaf8XStJ5OLc=/0x0/pic975416.jpg",
    "maxPlayers": 5,
    "maxPlaytime": 75,
    "minPlayers": 2,
    "minPlaytime": 75,
    "name": "Airlines Europe",
    "numberOwned": 7404,
    "playingTime": 75,
    "thumbnailUrl": "https://cf.geekdo-images.com/thumb/img/uRI0Jrl7AwvhZdId_xoYNNAHDEc=/fit-in/200x150/pic975416.jpg",
    "userRating": Object {
      "Warium": 9,
    },
    "yearPublished": 2011,
  },
  Object {
    "averagerating": 7.32363,
    "families": Array [
      Object {
        "bayesaverage": 7.14722,
        "friendlyName": "Party Game Rank",
        "name": "partygames",
        "type": "family",
        "value": 20,
      },
    ],
    "id": 41114,
    "imageUrl": "https://cf.geekdo-images.com/original/img/VDXFwn8wDc4yObdS5kUABZK6nhI=/0x0/pic2576459.jpg",
    "maxPlayers": 10,
    "maxPlaytime": 30,
    "minPlayers": 5,
    "minPlaytime": 30,
    "name": "The Resistance",
    "numberOwned": 49397,
    "playingTime": 30,
    "thumbnailUrl": "https://cf.geekdo-images.com/thumb/img/TiLJY5V47pk3vvidXcfMoeUcRd8=/fit-in/200x150/pic2576459.jpg",
    "userRating": Object {
      "Warium": 8,
    },
    "yearPublished": 2009,
  },
  Object {
    "averagerating": 7.2859,
    "families": Array [
      Object {
        "bayesaverage": 7.16551,
        "friendlyName": "Party Game Rank",
        "name": "partygames",
        "type": "family",
        "value": 18,
      },
    ],
    "id": 39856,
    "imageUrl": "https://cf.geekdo-images.com/original/img/m74nctbYaqTy03r8s_i_KTyvbYQ=/0x0/pic3483909.jpg",
    "maxPlayers": 6,
    "maxPlaytime": 30,
    "minPlayers": 3,
    "minPlaytime": 30,
    "name": "Dixit",
    "numberOwned": 57588,
    "playingTime": 30,
    "thumbnailUrl": "https://cf.geekdo-images.com/thumb/img/-pTlIzjMjawpDvdG3TBwsUrHrk4=/fit-in/200x150/pic3483909.jpg",
    "userRating": Object {
      "Warium": 8.5,
    },
    "yearPublished": 2008,
  },
  Object {
    "averagerating": 7.27651,
    "families": Array [
      Object {
        "bayesaverage": 6.39009,
        "friendlyName": "War Game Rank",
        "name": "wargames",
        "type": "family",
        "value": 535,
      },
    ],
    "id": 155689,
    "imageUrl": "https://cf.geekdo-images.com/original/img/n495V5NG8wgXFXG9AOjuB9KZ2Wo=/0x0/pic2301154.png",
    "maxPlayers": 99,
    "maxPlaytime": 30,
    "minPlayers": 2,
    "minPlaytime": 30,
    "name": "Dungeons & Dragons: Attack Wing",
    "numberOwned": 1487,
    "playingTime": 30,
    "thumbnailUrl": "https://cf.geekdo-images.com/thumb/img/CQvUjLTM9WAaE8caHcAJmDOPuXE=/fit-in/200x150/pic2301154.png",
    "userRating": Object {
      "Warium": 8,
    },
    "yearPublished": 2014,
  },
  Object {
    "averagerating": 7.26512,
    "families": Array [
      Object {
        "bayesaverage": 7.04916,
        "friendlyName": "Thematic Rank",
        "name": "thematic",
        "type": "family",
        "value": 107,
      },
    ],
    "id": 102652,
    "imageUrl": "https://cf.geekdo-images.com/original/img/8iUgi62Jau7TF00eudHL_n_zxuA=/0x0/pic1296144.jpg",
    "maxPlayers": 5,
    "maxPlaytime": 60,
    "minPlayers": 2,
    "minPlaytime": 30,
    "name": "Sentinels of the Multiverse",
    "numberOwned": 19582,
    "playingTime": 60,
    "thumbnailUrl": "https://cf.geekdo-images.com/thumb/img/6siAiU5wG1NN8NFckD0N8LjGLUE=/fit-in/200x150/pic1296144.jpg",
    "userRating": Object {
      "Warium": 8,
    },
    "yearPublished": 2011,
  },
  Object {
    "averagerating": 7.2577,
    "families": Array [
      Object {
        "bayesaverage": 6.99779,
        "friendlyName": "Abstract Game Rank",
        "name": "abstracts",
        "type": "family",
        "value": 24,
      },
    ],
    "id": 6830,
    "imageUrl": "https://cf.geekdo-images.com/original/img/eKqEv6GdeQHmg1dTIxnulYZ6plw=/0x0/pic3808891.jpg",
    "maxPlayers": 5,
    "maxPlaytime": 60,
    "minPlayers": 3,
    "minPlaytime": 60,
    "name": "Zendo",
    "numberOwned": 2466,
    "playingTime": 60,
    "thumbnailUrl": "https://cf.geekdo-images.com/thumb/img/Vle-59bFU911xVUg2O1uKCZN2X8=/fit-in/200x150/pic3808891.jpg",
    "userRating": Object {
      "Warium": 8.5,
    },
    "yearPublished": 2001,
  },
  Object {
    "averagerating": 7.24636,
    "families": Array [
      Object {
        "bayesaverage": 7.02193,
        "friendlyName": "Strategy Game Rank",
        "name": "strategygames",
        "type": "family",
        "value": 258,
      },
      Object {
        "bayesaverage": 7.05284,
        "friendlyName": "Family Game Rank",
        "name": "familygames",
        "type": "family",
        "value": 68,
      },
    ],
    "id": 141572,
    "imageUrl": "https://cf.geekdo-images.com/original/img/UzrdvNP-zb27P9xS_PD2IIozcLg=/0x0/pic1991455.jpg",
    "maxPlayers": 5,
    "maxPlaytime": 45,
    "minPlayers": 2,
    "minPlaytime": 45,
    "name": "Paperback",
    "numberOwned": 12087,
    "playingTime": 45,
    "thumbnailUrl": "https://cf.geekdo-images.com/thumb/img/qpI06yrY6cnlKqqdMHMfJywXXCU=/fit-in/200x150/pic1991455.jpg",
    "userRating": Object {
      "Warium": 8,
    },
    "yearPublished": 2014,
  },
  Object {
    "averagerating": 7.24301,
    "families": Array [
      Object {
        "bayesaverage": 7.12674,
        "friendlyName": "Party Game Rank",
        "name": "partygames",
        "type": "family",
        "value": 21,
      },
      Object {
        "bayesaverage": 7.08024,
        "friendlyName": "Family Game Rank",
        "name": "familygames",
        "type": "family",
        "value": 60,
      },
    ],
    "id": 150,
    "imageUrl": "https://cf.geekdo-images.com/original/img/aFDFOGgN52kiEQxdoxF9KTb6NjU=/0x0/pic215555.jpg",
    "maxPlayers": 8,
    "maxPlaytime": 30,
    "minPlayers": 2,
    "minPlaytime": 30,
    "name": "PitchCar",
    "numberOwned": 9160,
    "playingTime": 30,
    "thumbnailUrl": "https://cf.geekdo-images.com/thumb/img/Mnha5AOM6sfJGbiR1XqodHp_B-g=/fit-in/200x150/pic215555.jpg",
    "userRating": Object {
      "Warium": 10,
    },
    "yearPublished": 1995,
  },
  Object {
    "averagerating": 7.22864,
    "families": Array [
      Object {
        "bayesaverage": 7.07786,
        "friendlyName": "Thematic Rank",
        "name": "thematic",
        "type": "family",
        "value": 97,
      },
      Object {
        "bayesaverage": 7.09692,
        "friendlyName": "Family Game Rank",
        "name": "familygames",
        "type": "family",
        "value": 56,
      },
    ],
    "id": 100901,
    "imageUrl": "https://cf.geekdo-images.com/original/img/iYoZCeHO5Zyd7kkEMK2e-KHAuDU=/0x0/pic1129370.jpg",
    "maxPlayers": 6,
    "maxPlaytime": 45,
    "minPlayers": 2,
    "minPlaytime": 45,
    "name": "Flash Point: Fire Rescue",
    "numberOwned": 28836,
    "playingTime": 45,
    "thumbnailUrl": "https://cf.geekdo-images.com/thumb/img/U3IWrvKrFjj-LD1j7QLQgv5afXw=/fit-in/200x150/pic1129370.jpg",
    "userRating": Object {
      "Warium": 8,
    },
    "yearPublished": 2011,
  },
  Object {
    "averagerating": 7.22252,
    "families": Array [
      Object {
        "bayesaverage": 7.10988,
        "friendlyName": "Family Game Rank",
        "name": "familygames",
        "type": "family",
        "value": 53,
      },
    ],
    "id": 70323,
    "imageUrl": "https://cf.geekdo-images.com/original/img/ajEqmO5djVibsC72Ek1citOCJNA=/0x0/pic3043734.jpg",
    "maxPlayers": 6,
    "maxPlaytime": 30,
    "minPlayers": 2,
    "minPlaytime": 30,
    "name": "King of Tokyo",
    "numberOwned": 71452,
    "playingTime": 30,
    "thumbnailUrl": "https://cf.geekdo-images.com/thumb/img/iEQpTdf7xHrGznRhdNBMiKy_mIM=/fit-in/200x150/pic3043734.jpg",
    "userRating": Object {
      "Warium": 9,
    },
    "yearPublished": 2011,
  },
  Object {
    "averagerating": 7.22035,
    "families": Array [
      Object {
        "bayesaverage": 7.13963,
        "friendlyName": "Family Game Rank",
        "name": "familygames",
        "type": "family",
        "value": 46,
      },
    ],
    "id": 172,
    "imageUrl": "https://cf.geekdo-images.com/original/img/vw0xKvS_ZIxGKFVSDtvPnebUI9A=/0x0/pic1513085.jpg",
    "maxPlayers": 6,
    "maxPlaytime": 30,
    "minPlayers": 3,
    "minPlaytime": 30,
    "name": "For Sale",
    "numberOwned": 24645,
    "playingTime": 30,
    "thumbnailUrl": "https://cf.geekdo-images.com/thumb/img/F2K71-jsnipHghuOl2dUbnBQlm4=/fit-in/200x150/pic1513085.jpg",
    "userRating": Object {
      "Warium": 8.5,
    },
    "yearPublished": 1997,
  },
  Object {
    "averagerating": 7.19719,
    "families": Array [
      Object {
        "bayesaverage": 7.08212,
        "friendlyName": "Party Game Rank",
        "name": "partygames",
        "type": "family",
        "value": 23,
      },
      Object {
        "bayesaverage": 7.07462,
        "friendlyName": "Family Game Rank",
        "name": "familygames",
        "type": "family",
        "value": 65,
      },
    ],
    "id": 157969,
    "imageUrl": "https://cf.geekdo-images.com/original/img/LhRnbdwJ77VnRI_yQg2ZFiwEq1E=/0x0/pic2075830.jpg",
    "maxPlayers": 5,
    "maxPlaytime": 60,
    "minPlayers": 3,
    "minPlaytime": 60,
    "name": "Sheriff of Nottingham",
    "numberOwned": 38756,
    "playingTime": 60,
    "thumbnailUrl": "https://cf.geekdo-images.com/thumb/img/18ToCY0hvajoDtgqXaB6T7inL8Y=/fit-in/200x150/pic2075830.jpg",
    "userRating": Object {
      "Warium": 9,
    },
    "yearPublished": 2014,
  },
  Object {
    "averagerating": 7.196,
    "families": Array [
      Object {
        "bayesaverage": 7.03612,
        "friendlyName": "Strategy Game Rank",
        "name": "strategygames",
        "type": "family",
        "value": 248,
      },
    ],
    "id": 125618,
    "imageUrl": "https://cf.geekdo-images.com/original/img/Ra1zxyfebEZtchbCPQ9_yCs6tAM=/0x0/pic1326136.jpg",
    "maxPlayers": 6,
    "maxPlaytime": 45,
    "minPlayers": 2,
    "minPlaytime": 45,
    "name": "Libertalia",
    "numberOwned": 13037,
    "playingTime": 45,
    "thumbnailUrl": "https://cf.geekdo-images.com/thumb/img/hV0E4oacYDZy9EtueZ7q_k3jWQY=/fit-in/200x150/pic1326136.jpg",
    "userRating": Object {
      "Warium": 8.5,
    },
    "yearPublished": 2012,
  },
  Object {
    "averagerating": 7.19132,
    "families": Array [
      Object {
        "bayesaverage": 7.07249,
        "friendlyName": "Family Game Rank",
        "name": "familygames",
        "type": "family",
        "value": 66,
      },
    ],
    "id": 136063,
    "imageUrl": "https://cf.geekdo-images.com/original/img/wYvf6LExNhb3rflp_QYmCK_NhMc=/0x0/pic1528722.jpg",
    "maxPlayers": 5,
    "maxPlaytime": 45,
    "minPlayers": 2,
    "minPlaytime": 45,
    "name": "Forbidden Desert",
    "numberOwned": 37234,
    "playingTime": 45,
    "thumbnailUrl": "https://cf.geekdo-images.com/thumb/img/gm5d7sO006n-WTSG2ynzyLz169A=/fit-in/200x150/pic1528722.jpg",
    "userRating": Object {
      "Warium": 8,
    },
    "yearPublished": 2013,
  },
  Object {
    "averagerating": 7.18742,
    "families": Array [
      Object {
        "bayesaverage": 6.94678,
        "friendlyName": "Strategy Game Rank",
        "name": "strategygames",
        "type": "family",
        "value": 298,
      },
    ],
    "id": 15364,
    "imageUrl": "https://cf.geekdo-images.com/original/img/2ELkgsMaHpR4gyzitz8x7TMF-Jc=/0x0/pic4599533.jpg",
    "maxPlayers": 5,
    "maxPlaytime": 75,
    "minPlayers": 3,
    "minPlaytime": 75,
    "name": "Vegas Showdown",
    "numberOwned": 6873,
    "playingTime": 75,
    "thumbnailUrl": "https://cf.geekdo-images.com/thumb/img/rCuMNCzaIquQg3bjgKxP8RYsp5A=/fit-in/200x150/pic4599533.jpg",
    "userRating": Object {
      "Warium": 8.5,
    },
    "yearPublished": 2005,
  },
  Object {
    "averagerating": 7.17196,
    "families": Array [
      Object {
        "bayesaverage": 6.63617,
        "friendlyName": "Strategy Game Rank",
        "name": "strategygames",
        "type": "family",
        "value": 501,
      },
    ],
    "id": 165986,
    "imageUrl": "https://cf.geekdo-images.com/original/img/LbL3z9R0tiqqZufNrQ3NgT_JAig=/0x0/pic3021582.jpg",
    "maxPlayers": 5,
    "maxPlaytime": 60,
    "minPlayers": 2,
    "minPlaytime": 60,
    "name": "Royals",
    "numberOwned": 2855,
    "playingTime": 60,
    "thumbnailUrl": "https://cf.geekdo-images.com/thumb/img/fOuUI0x0dOzfNFoOAYVdry9J3UM=/fit-in/200x150/pic3021582.jpg",
    "userRating": Object {
      "Warium": 8.5,
    },
    "yearPublished": 2014,
  },
  Object {
    "averagerating": 7.13082,
    "families": Array [
      Object {
        "bayesaverage": 6.98533,
        "friendlyName": "Thematic Rank",
        "name": "thematic",
        "type": "family",
        "value": 121,
      },
    ],
    "id": 15062,
    "imageUrl": "https://cf.geekdo-images.com/original/img/qXAmMBPotbufchHTuIsGz59B010=/0x0/pic70547.jpg",
    "maxPlayers": 7,
    "maxPlaytime": 80,
    "minPlayers": 3,
    "minPlaytime": 60,
    "name": "Shadows over Camelot",
    "numberOwned": 29414,
    "playingTime": 80,
    "thumbnailUrl": "https://cf.geekdo-images.com/thumb/img/j69YtQ286qbIC7myOV6n6v-FPy4=/fit-in/200x150/pic70547.jpg",
    "userRating": Object {
      "Warium": 9,
    },
    "yearPublished": 2005,
  },
  Object {
    "averagerating": 7.1092,
    "families": Array [
      Object {
        "bayesaverage": 6.77806,
        "friendlyName": "Thematic Rank",
        "name": "thematic",
        "type": "family",
        "value": 180,
      },
    ],
    "id": 57390,
    "imageUrl": "https://cf.geekdo-images.com/original/img/zL-tfwegRplpKtOu1KD24rbcSnw=/0x0/pic1258597.jpg",
    "maxPlayers": 5,
    "maxPlaytime": 60,
    "minPlayers": 2,
    "minPlaytime": 30,
    "name": "Catacombs",
    "numberOwned": 3431,
    "playingTime": 60,
    "thumbnailUrl": "https://cf.geekdo-images.com/thumb/img/oySH-49QXteHKp1JkSz3Zcq-wEM=/fit-in/200x150/pic1258597.jpg",
    "userRating": Object {
      "Warium": 8,
    },
    "yearPublished": 2010,
  },
  Object {
    "averagerating": 7.06324,
    "families": Array [
      Object {
        "bayesaverage": 6.8113,
        "friendlyName": "Strategy Game Rank",
        "name": "strategygames",
        "type": "family",
        "value": 385,
      },
      Object {
        "bayesaverage": 6.82811,
        "friendlyName": "Family Game Rank",
        "name": "familygames",
        "type": "family",
        "value": 138,
      },
    ],
    "id": 904,
    "imageUrl": "https://cf.geekdo-images.com/original/img/qNgAMLjh73aAUP3yOuCCyD5VA4A=/0x0/pic510123.jpg",
    "maxPlayers": 5,
    "maxPlaytime": 60,
    "minPlayers": 2,
    "minPlaytime": 60,
    "name": "Traumfabrik",
    "numberOwned": 5099,
    "playingTime": 60,
    "thumbnailUrl": "https://cf.geekdo-images.com/thumb/img/YfRbMwkGwYvhh1TsBqiQ0FYtah4=/fit-in/200x150/pic510123.jpg",
    "userRating": Object {
      "Warium": 9,
    },
    "yearPublished": 2000,
  },
  Object {
    "averagerating": 7.02911,
    "families": Array [],
    "id": 169368,
    "imageUrl": "https://cf.geekdo-images.com/original/img/ycZDC-YAtVFzl6-GgcHn4fIzGsY=/0x0/pic1831599.jpg",
    "maxPlayers": 6,
    "maxPlaytime": 30,
    "minPlayers": 1,
    "minPlaytime": 30,
    "name": "Arbos Apfel",
    "numberOwned": 133,
    "playingTime": 30,
    "thumbnailUrl": "https://cf.geekdo-images.com/thumb/img/o8CB7NtAnB9vxyWrscdBNSdlYYE=/fit-in/200x150/pic1831599.jpg",
    "userRating": Object {
      "Warium": 8,
    },
    "yearPublished": 2013,
  },
  Object {
    "averagerating": 7.01644,
    "families": Array [
      Object {
        "bayesaverage": 6.8335,
        "friendlyName": "Thematic Rank",
        "name": "thematic",
        "type": "family",
        "value": 162,
      },
      Object {
        "bayesaverage": 6.80986,
        "friendlyName": "Family Game Rank",
        "name": "familygames",
        "type": "family",
        "value": 142,
      },
    ],
    "id": 169124,
    "imageUrl": "https://cf.geekdo-images.com/original/img/DVKmaZ7JCO7kalEiPMOKgGs6Gl0=/0x0/pic2439671.png",
    "maxPlayers": 10,
    "maxPlaytime": 45,
    "minPlayers": 2,
    "minPlaytime": 30,
    "name": "Flick 'em Up!",
    "numberOwned": 12329,
    "playingTime": 45,
    "thumbnailUrl": "https://cf.geekdo-images.com/thumb/img/8rX_8dVaNbWvYotSyL2f1H6GQPQ=/fit-in/200x150/pic2439671.png",
    "userRating": Object {
      "Warium": 9,
    },
    "yearPublished": 2015,
  },
  Object {
    "averagerating": 7.01598,
    "families": Array [
      Object {
        "bayesaverage": 6.86281,
        "friendlyName": "Family Game Rank",
        "name": "familygames",
        "type": "family",
        "value": 130,
      },
    ],
    "id": 160499,
    "imageUrl": "https://cf.geekdo-images.com/original/img/R0dEpSy_FsE2iKVDL9Gn5Z8TYx0=/0x0/pic2407103.jpg",
    "maxPlayers": 6,
    "maxPlaytime": 40,
    "minPlayers": 2,
    "minPlaytime": 40,
    "name": "King of New York",
    "numberOwned": 19119,
    "playingTime": 40,
    "thumbnailUrl": "https://cf.geekdo-images.com/thumb/img/WaW2VsdMYT0Xh3JWcuLA9e-L85Y=/fit-in/200x150/pic2407103.jpg",
    "userRating": Object {
      "Warium": 9,
    },
    "yearPublished": 2014,
  },
  Object {
    "averagerating": 7.01265,
    "families": Array [
      Object {
        "bayesaverage": 6.62504,
        "friendlyName": "Party Game Rank",
        "name": "partygames",
        "type": "family",
        "value": 65,
      },
    ],
    "id": 104581,
    "imageUrl": "https://cf.geekdo-images.com/original/img/KsuN_r-8Yt14lK1Zkk2WoMxHzQc=/0x0/pic1444145.jpg",
    "maxPlayers": 11,
    "maxPlaytime": 30,
    "minPlayers": 3,
    "minPlaytime": 30,
    "name": "Panic on Wall Street!",
    "numberOwned": 1727,
    "playingTime": 30,
    "thumbnailUrl": "https://cf.geekdo-images.com/thumb/img/QfBRQWnBk9dwrn7D8s0DFdUGya4=/fit-in/200x150/pic1444145.jpg",
    "userRating": Object {
      "Warium": 8,
    },
    "yearPublished": 2011,
  },
  Object {
    "averagerating": 6.98322,
    "families": Array [
      Object {
        "bayesaverage": 6.66893,
        "friendlyName": "Family Game Rank",
        "name": "familygames",
        "type": "family",
        "value": 207,
      },
    ],
    "id": 154386,
    "imageUrl": "https://cf.geekdo-images.com/original/img/ZhD67FIHwixiZ5RltP2ls7FlCeU=/0x0/pic1919164.jpg",
    "maxPlayers": 5,
    "maxPlaytime": 30,
    "minPlayers": 2,
    "minPlaytime": 30,
    "name": "Medieval Academy",
    "numberOwned": 4806,
    "playingTime": 30,
    "thumbnailUrl": "https://cf.geekdo-images.com/thumb/img/P5jPRZIcj2EPa23-O4coIIh7QXM=/fit-in/200x150/pic1919164.jpg",
    "userRating": Object {
      "Warium": 8.5,
    },
    "yearPublished": 2014,
  },
  Object {
    "averagerating": 6.97447,
    "families": Array [
      Object {
        "bayesaverage": 6.73992,
        "friendlyName": "Thematic Rank",
        "name": "thematic",
        "type": "family",
        "value": 188,
      },
    ],
    "id": 59946,
    "imageUrl": "https://cf.geekdo-images.com/original/img/jCbTMXEzaEBKoGaV396CQRKwiuU=/0x0/pic660244.jpg",
    "maxPlayers": 5,
    "maxPlaytime": 60,
    "minPlayers": 1,
    "minPlaytime": 60,
    "name": "Dungeons & Dragons: Castle Ravenloft Board Game",
    "numberOwned": 13574,
    "playingTime": 60,
    "thumbnailUrl": "https://cf.geekdo-images.com/thumb/img/_TOl-lEL1_VBJ2n73W2_oJzMMto=/fit-in/200x150/pic660244.jpg",
    "userRating": Object {
      "Warium": 8,
    },
    "yearPublished": 2010,
  },
  Object {
    "averagerating": 6.95385,
    "families": Array [],
    "id": 154243,
    "imageUrl": "https://cf.geekdo-images.com/original/img/AqBVWLs-E_JmYKln5Uh9VaztmU0=/0x0/pic4622917.jpg",
    "maxPlayers": 7,
    "maxPlaytime": 30,
    "minPlayers": 3,
    "minPlaytime": 30,
    "name": "Menu Mash-Up",
    "numberOwned": 36,
    "playingTime": 30,
    "thumbnailUrl": "https://cf.geekdo-images.com/thumb/img/HfE6OFsTB6-3K9A9urXX1DDNiyc=/fit-in/200x150/pic4622917.jpg",
    "userRating": Object {
      "Warium": 6,
    },
    "yearPublished": 2013,
  },
  Object {
    "averagerating": 6.94926,
    "families": Array [
      Object {
        "bayesaverage": 6.84506,
        "friendlyName": "Party Game Rank",
        "name": "partygames",
        "type": "family",
        "value": 39,
      },
    ],
    "id": 155362,
    "imageUrl": "https://cf.geekdo-images.com/original/img/8KLIxTYLxC6CTzJZfMLxlm9f8B4=/0x0/pic2907864.jpg",
    "maxPlayers": 8,
    "maxPlaytime": 30,
    "minPlayers": 4,
    "minPlaytime": 30,
    "name": "Ca$h 'n Guns (Second Edition)",
    "numberOwned": 16035,
    "playingTime": 30,
    "thumbnailUrl": "https://cf.geekdo-images.com/thumb/img/7xupWQbyCBFchLyKNzR8axA9K5Q=/fit-in/200x150/pic2907864.jpg",
    "userRating": Object {
      "Warium": 8.5,
    },
    "yearPublished": 2014,
  },
  Object {
    "averagerating": 6.93478,
    "families": Array [],
    "id": 63671,
    "imageUrl": "https://cf.geekdo-images.com/original/img/avbL-ZBog7EL-rM2pZhW88jT9xU=/0x0/pic625341.jpg",
    "maxPlayers": 6,
    "maxPlaytime": 30,
    "minPlayers": 3,
    "minPlaytime": 30,
    "name": "Gangsta",
    "numberOwned": 60,
    "playingTime": 30,
    "thumbnailUrl": "https://cf.geekdo-images.com/thumb/img/R2rhAEPn-D6pG2neaft0HSkUDfA=/fit-in/200x150/pic625341.jpg",
    "userRating": Object {
      "Warium": 8,
    },
    "yearPublished": 2010,
  },
  Object {
    "averagerating": 6.90695,
    "families": Array [
      Object {
        "bayesaverage": 6.52445,
        "friendlyName": "Strategy Game Rank",
        "name": "strategygames",
        "type": "family",
        "value": 608,
      },
    ],
    "id": 594,
    "imageUrl": "https://cf.geekdo-images.com/original/img/AmjcH9BskvOsdu7n1nwY7yJtP24=/0x0/pic1339353.png",
    "maxPlayers": 7,
    "maxPlaytime": 45,
    "minPlayers": 3,
    "minPlaytime": 30,
    "name": "Sleuth",
    "numberOwned": 4628,
    "playingTime": 45,
    "thumbnailUrl": "https://cf.geekdo-images.com/thumb/img/x2y9aU-XbCaCg5Y4sbiag4B3KKw=/fit-in/200x150/pic1339353.png",
    "userRating": Object {
      "Warium": 8,
    },
    "yearPublished": 1971,
  },
  Object {
    "averagerating": 6.9039,
    "families": Array [
      Object {
        "bayesaverage": 6.50894,
        "friendlyName": "Strategy Game Rank",
        "name": "strategygames",
        "type": "family",
        "value": 620,
      },
    ],
    "id": 24773,
    "imageUrl": "https://cf.geekdo-images.com/original/img/sIehxUuZrZkjLLmnOOvkO6PvsRo=/0x0/pic138178.jpg",
    "maxPlayers": 5,
    "maxPlaytime": 60,
    "minPlayers": 2,
    "minPlaytime": 60,
    "name": "On the Underground",
    "numberOwned": 1997,
    "playingTime": 60,
    "thumbnailUrl": "https://cf.geekdo-images.com/thumb/img/RUfXH49WCFI8nPKeVDxJPwCEtac=/fit-in/200x150/pic138178.jpg",
    "userRating": Object {
      "Warium": 9,
    },
    "yearPublished": 2006,
  },
  Object {
    "averagerating": 6.87449,
    "families": Array [
      Object {
        "bayesaverage": 6.77515,
        "friendlyName": "Party Game Rank",
        "name": "partygames",
        "type": "family",
        "value": 49,
      },
    ],
    "id": 147151,
    "imageUrl": "https://cf.geekdo-images.com/original/img/BuU0gJueE-UDGQjsYvQ2jbFVEaM=/0x0/pic1907628.jpg",
    "maxPlayers": 12,
    "maxPlaytime": 40,
    "minPlayers": 4,
    "minPlaytime": 40,
    "name": "Concept",
    "numberOwned": 19333,
    "playingTime": 40,
    "thumbnailUrl": "https://cf.geekdo-images.com/thumb/img/qunPa-ZV7iN7DnuQ7xz0ULKTMW8=/fit-in/200x150/pic1907628.jpg",
    "userRating": Object {
      "Warium": 8,
    },
    "yearPublished": 2013,
  },
  Object {
    "averagerating": 6.85769,
    "families": Array [
      Object {
        "bayesaverage": 6.60056,
        "friendlyName": "War Game Rank",
        "name": "wargames",
        "type": "family",
        "value": 354,
      },
    ],
    "id": 22532,
    "imageUrl": "https://cf.geekdo-images.com/original/img/PFY6yQveHw-HWbdmYlvkLFNKcR8=/0x0/pic269322.jpg",
    "maxPlayers": 6,
    "maxPlaytime": 45,
    "minPlayers": 2,
    "minPlaytime": 45,
    "name": "Wings of War: The Dawn of World War II",
    "numberOwned": 2185,
    "playingTime": 45,
    "thumbnailUrl": "https://cf.geekdo-images.com/thumb/img/UjRVzwsY-bdKV1SqzZwPxWD3_vM=/fit-in/200x150/pic269322.jpg",
    "userRating": Object {
      "Warium": 7.5,
    },
    "yearPublished": 2007,
  },
  Object {
    "averagerating": 6.85448,
    "families": Array [
      Object {
        "bayesaverage": 6.68055,
        "friendlyName": "Family Game Rank",
        "name": "familygames",
        "type": "family",
        "value": 200,
      },
    ],
    "id": 40793,
    "imageUrl": "https://cf.geekdo-images.com/original/img/ZlEbB8S7vybDpNfsabr2oq2QYyY=/0x0/pic3763073.jpg",
    "maxPlayers": 5,
    "maxPlaytime": 45,
    "minPlayers": 2,
    "minPlaytime": 45,
    "name": "Dice Town",
    "numberOwned": 7326,
    "playingTime": 45,
    "thumbnailUrl": "https://cf.geekdo-images.com/thumb/img/Q4VW2yywLW79EhPnu3yPTZw7Rno=/fit-in/200x150/pic3763073.jpg",
    "userRating": Object {
      "Warium": 8.5,
    },
    "yearPublished": 2009,
  },
  Object {
    "averagerating": 6.8514,
    "families": Array [
      Object {
        "bayesaverage": 6.74081,
        "friendlyName": "Family Game Rank",
        "name": "familygames",
        "type": "family",
        "value": 171,
      },
    ],
    "id": 27588,
    "imageUrl": "https://cf.geekdo-images.com/original/img/loCMLQHk4ksy-24Zh9DwjM8EQnw=/0x0/pic2021685.png",
    "maxPlayers": 5,
    "maxPlaytime": 45,
    "minPlayers": 2,
    "minPlaytime": 45,
    "name": "Zooloretto",
    "numberOwned": 16350,
    "playingTime": 45,
    "thumbnailUrl": "https://cf.geekdo-images.com/thumb/img/j2dVcsYo4TDVjmq6P_kKFzTGdo8=/fit-in/200x150/pic2021685.png",
    "userRating": Object {
      "Warium": 7.5,
    },
    "yearPublished": 2007,
  },
  Object {
    "averagerating": 6.8497,
    "families": Array [
      Object {
        "bayesaverage": 6.63408,
        "friendlyName": "Party Game Rank",
        "name": "partygames",
        "type": "family",
        "value": 63,
      },
    ],
    "id": 102548,
    "imageUrl": "https://cf.geekdo-images.com/original/img/iPlI0qufM7kXjYE44nYQVMMaIJ0=/0x0/pic2411495.png",
    "maxPlayers": 6,
    "maxPlaytime": 60,
    "minPlayers": 1,
    "minPlaytime": 45,
    "name": "Dungeon Fighter",
    "numberOwned": 7192,
    "playingTime": 60,
    "thumbnailUrl": "https://cf.geekdo-images.com/thumb/img/lQUtbu88F2JazmQv_fT57j8OeK4=/fit-in/200x150/pic2411495.png",
    "userRating": Object {
      "Warium": 8,
    },
    "yearPublished": 2011,
  },
  Object {
    "averagerating": 6.8309,
    "families": Array [
      Object {
        "bayesaverage": 6.55554,
        "friendlyName": "Thematic Rank",
        "name": "thematic",
        "type": "family",
        "value": 259,
      },
    ],
    "id": 142079,
    "imageUrl": "https://cf.geekdo-images.com/original/img/mo9xsT_ECpixTubVJ1eF-2bU440=/0x0/pic1650556.png",
    "maxPlayers": 8,
    "maxPlaytime": 30,
    "minPlayers": 4,
    "minPlaytime": 30,
    "name": "Space Cadets: Dice Duel",
    "numberOwned": 4624,
    "playingTime": 30,
    "thumbnailUrl": "https://cf.geekdo-images.com/thumb/img/hTygk_SB2mINpKIBNQKtrCrdUw8=/fit-in/200x150/pic1650556.png",
    "userRating": Object {
      "Warium": 7,
    },
    "yearPublished": 2013,
  },
  Object {
    "averagerating": 6.82596,
    "families": Array [
      Object {
        "bayesaverage": 6.73803,
        "friendlyName": "Family Game Rank",
        "name": "familygames",
        "type": "family",
        "value": 174,
      },
    ],
    "id": 15512,
    "imageUrl": "https://cf.geekdo-images.com/original/img/Re3G42C1pfWaS_MnXwHr4TnM3NU=/0x0/pic3581963.jpg",
    "maxPlayers": 8,
    "maxPlaytime": 30,
    "minPlayers": 3,
    "minPlaytime": 30,
    "name": "Diamant",
    "numberOwned": 18600,
    "playingTime": 30,
    "thumbnailUrl": "https://cf.geekdo-images.com/thumb/img/-0GtGGGsPNuRWyGAW2-Ja_h18hY=/fit-in/200x150/pic3581963.jpg",
    "userRating": Object {
      "Warium": 8,
    },
    "yearPublished": 2005,
  },
  Object {
    "averagerating": 6.82289,
    "families": Array [],
    "id": 130605,
    "imageUrl": "https://cf.geekdo-images.com/original/img/6dgonbLTWlkwD7SnA6T66VyUHe0=/0x0/pic1780912.jpg",
    "maxPlayers": 6,
    "maxPlaytime": 45,
    "minPlayers": 2,
    "minPlaytime": 45,
    "name": "Lost Valley: The Yukon Goldrush 1896",
    "numberOwned": 1499,
    "playingTime": 45,
    "thumbnailUrl": "https://cf.geekdo-images.com/thumb/img/W3_37hNmAhAWxFsiilzEWP58t2E=/fit-in/200x150/pic1780912.jpg",
    "userRating": Object {
      "Warium": 9,
    },
    "yearPublished": 2014,
  },
  Object {
    "averagerating": 6.82,
    "families": Array [],
    "id": 174744,
    "imageUrl": "https://cf.geekdo-images.com/original/img/BW7mXw4H8xfbfaeXxOjyDMGJeAM=/0x0/pic1188327.jpg",
    "maxPlayers": 5,
    "maxPlaytime": 45,
    "minPlayers": 3,
    "minPlaytime": 45,
    "name": "Mogul",
    "numberOwned": 829,
    "playingTime": 45,
    "thumbnailUrl": "https://cf.geekdo-images.com/thumb/img/ghuc0PAkvZcq9LvzXGS5vIw5EZQ=/fit-in/200x150/pic1188327.jpg",
    "userRating": Object {
      "Warium": 8,
    },
    "yearPublished": 2015,
  },
  Object {
    "averagerating": 6.77905,
    "families": Array [
      Object {
        "bayesaverage": 6.59826,
        "friendlyName": "Strategy Game Rank",
        "name": "strategygames",
        "type": "family",
        "value": 542,
      },
      Object {
        "bayesaverage": 6.60789,
        "friendlyName": "Family Game Rank",
        "name": "familygames",
        "type": "family",
        "value": 226,
      },
    ],
    "id": 105,
    "imageUrl": "https://cf.geekdo-images.com/original/img/u-BdpiSZ-jMzol_5WwZB_DqjYy0=/0x0/pic1680709.jpg",
    "maxPlayers": 5,
    "maxPlaytime": 60,
    "minPlayers": 2,
    "minPlaytime": 60,
    "name": "Colossal Arena",
    "numberOwned": 8266,
    "playingTime": 60,
    "thumbnailUrl": "https://cf.geekdo-images.com/thumb/img/xPCizEN_Cx2atbDWaafGDWPW63g=/fit-in/200x150/pic1680709.jpg",
    "userRating": Object {
      "Warium": 8,
    },
    "yearPublished": 1997,
  },
  Object {
    "averagerating": 6.77792,
    "families": Array [
      Object {
        "bayesaverage": 6.37499,
        "friendlyName": "Party Game Rank",
        "name": "partygames",
        "type": "family",
        "value": 109,
      },
    ],
    "id": 100679,
    "imageUrl": "https://cf.geekdo-images.com/original/img/NoHnodtJrsRYEunB03teKufXI1Q=/0x0/pic2409973.jpg",
    "maxPlayers": 8,
    "maxPlaytime": 30,
    "minPlayers": 2,
    "minPlaytime": 30,
    "name": "Ultimate Warriorz",
    "numberOwned": 1523,
    "playingTime": 30,
    "thumbnailUrl": "https://cf.geekdo-images.com/thumb/img/XVTyRSqN2rKse7iOU7PQo1Pwmsw=/fit-in/200x150/pic2409973.jpg",
    "userRating": Object {
      "Warium": 8,
    },
    "yearPublished": 2011,
  },
  Object {
    "averagerating": 6.77536,
    "families": Array [
      Object {
        "bayesaverage": 6.33011,
        "friendlyName": "Thematic Rank",
        "name": "thematic",
        "type": "family",
        "value": 350,
      },
    ],
    "id": 154301,
    "imageUrl": "https://cf.geekdo-images.com/original/img/bMeZLPqbbCj-fQw8Fu3y475XCZw=/0x0/pic1926145.jpg",
    "maxPlayers": 5,
    "maxPlaytime": 75,
    "minPlayers": 1,
    "minPlaytime": 75,
    "name": "The Battle at Kemble's Cascade",
    "numberOwned": 2564,
    "playingTime": 75,
    "thumbnailUrl": "https://cf.geekdo-images.com/thumb/img/Jf8QONxZGHl6lYof8mN11BlgIdA=/fit-in/200x150/pic1926145.jpg",
    "userRating": Object {
      "Warium": 8,
    },
    "yearPublished": 2014,
  },
  Object {
    "averagerating": 6.77163,
    "families": Array [
      Object {
        "bayesaverage": 6.20425,
        "friendlyName": "Party Game Rank",
        "name": "partygames",
        "type": "family",
        "value": 152,
      },
    ],
    "id": 114438,
    "imageUrl": "https://cf.geekdo-images.com/original/img/YeN1wU0fTE_GTL20pxVzFGWlA7U=/0x0/pic2085021.jpg",
    "maxPlayers": 10,
    "maxPlaytime": 30,
    "minPlayers": 3,
    "minPlaytime": 30,
    "name": "But Wait, There's More!",
    "numberOwned": 841,
    "playingTime": 30,
    "thumbnailUrl": "https://cf.geekdo-images.com/thumb/img/3EAJMfPyl8_RdQOg47z_NsgvIU0=/fit-in/200x150/pic2085021.jpg",
    "userRating": Object {
      "Warium": 8,
    },
    "yearPublished": 2011,
  },
  Object {
    "averagerating": 6.74675,
    "families": Array [
      Object {
        "bayesaverage": 6.60257,
        "friendlyName": "Strategy Game Rank",
        "name": "strategygames",
        "type": "family",
        "value": 536,
      },
      Object {
        "bayesaverage": 6.6125,
        "friendlyName": "Family Game Rank",
        "name": "familygames",
        "type": "family",
        "value": 224,
      },
    ],
    "id": 13823,
    "imageUrl": "https://cf.geekdo-images.com/original/img/7yFOVVLf3qv1JE-LfEZiONR5vvM=/0x0/pic2024738.jpg",
    "maxPlayers": 5,
    "maxPlaytime": 30,
    "minPlayers": 2,
    "minPlaytime": 30,
    "name": "Fairy Tale",
    "numberOwned": 11705,
    "playingTime": 30,
    "thumbnailUrl": "https://cf.geekdo-images.com/thumb/img/fIMHxZQjmAkwPz3h541ls5X-ico=/fit-in/200x150/pic2024738.jpg",
    "userRating": Object {
      "Warium": 8,
    },
    "yearPublished": 2004,
  },
  Object {
    "averagerating": 6.69516,
    "families": Array [
      Object {
        "bayesaverage": 6.21821,
        "friendlyName": "Party Game Rank",
        "name": "partygames",
        "type": "family",
        "value": 146,
      },
    ],
    "id": 121041,
    "imageUrl": "https://cf.geekdo-images.com/original/img/vPxjTBsRjJUKazMtgq4wzQWn0Zc=/0x0/pic1245374.jpg",
    "maxPlayers": 8,
    "maxPlaytime": 50,
    "minPlayers": 3,
    "minPlaytime": 50,
    "name": "Pluckin' Pairs",
    "numberOwned": 876,
    "playingTime": 50,
    "thumbnailUrl": "https://cf.geekdo-images.com/thumb/img/HGBbTsBBIfW-_b5zH66O1gmRKm4=/fit-in/200x150/pic1245374.jpg",
    "userRating": Object {
      "Warium": 8,
    },
    "yearPublished": 2012,
  },
  Object {
    "averagerating": 6.69183,
    "families": Array [],
    "id": 137900,
    "imageUrl": "https://cf.geekdo-images.com/original/img/WrR87xvh0UUoHH-GMk3Ih0QB8Oc=/0x0/pic1951142.jpg",
    "maxPlayers": 7,
    "maxPlaytime": 60,
    "minPlayers": 2,
    "minPlaytime": 30,
    "name": "Jupiter Rescue",
    "numberOwned": 654,
    "playingTime": 60,
    "thumbnailUrl": "https://cf.geekdo-images.com/thumb/img/ykgpNMFuIcfYNkZGw6cMtIUVwUA=/fit-in/200x150/pic1951142.jpg",
    "userRating": Object {
      "Warium": 8,
    },
    "yearPublished": 2013,
  },
  Object {
    "averagerating": 6.67631,
    "families": Array [
      Object {
        "bayesaverage": 6.03777,
        "friendlyName": "Strategy Game Rank",
        "name": "strategygames",
        "type": "family",
        "value": 1096,
      },
    ],
    "id": 19363,
    "imageUrl": "https://cf.geekdo-images.com/original/img/V-lqRidbTv7YnIlWRJ6Mfy3AViA=/0x0/pic90071.jpg",
    "maxPlayers": 6,
    "maxPlaytime": 60,
    "minPlayers": 2,
    "minPlaytime": 60,
    "name": "Havoc: The Hundred Years War",
    "numberOwned": 855,
    "playingTime": 60,
    "thumbnailUrl": "https://cf.geekdo-images.com/thumb/img/l6V8ydbHSzBmN--mt_LarnrgTWQ=/fit-in/200x150/pic90071.jpg",
    "userRating": Object {
      "Warium": 8,
    },
    "yearPublished": 2005,
  },
  Object {
    "averagerating": 6.66918,
    "families": Array [
      Object {
        "bayesaverage": 6.52455,
        "friendlyName": "Family Game Rank",
        "name": "familygames",
        "type": "family",
        "value": 271,
      },
    ],
    "id": 43443,
    "imageUrl": "https://cf.geekdo-images.com/original/img/xOimjOG95u8pxQhByVDTT1vkMYA=/0x0/pic496923.jpg",
    "maxPlayers": 6,
    "maxPlaytime": 60,
    "minPlayers": 1,
    "minPlaytime": 60,
    "name": "Castle Panic",
    "numberOwned": 21635,
    "playingTime": 60,
    "thumbnailUrl": "https://cf.geekdo-images.com/thumb/img/IgWfEJ63ailu4y7vOmsaSH06u-M=/fit-in/200x150/pic496923.jpg",
    "userRating": Object {
      "Warium": 6,
    },
    "yearPublished": 2009,
  },
  Object {
    "averagerating": 6.62955,
    "families": Array [
      Object {
        "bayesaverage": 6.42916,
        "friendlyName": "Family Game Rank",
        "name": "familygames",
        "type": "family",
        "value": 329,
      },
    ],
    "id": 494,
    "imageUrl": "https://cf.geekdo-images.com/original/img/g3o1MGbtziErae5PacEX_5X7SQo=/0x0/pic125581.jpg",
    "maxPlayers": 6,
    "maxPlaytime": 30,
    "minPlayers": 2,
    "minPlaytime": 30,
    "name": "Ave Caesar",
    "numberOwned": 4009,
    "playingTime": 30,
    "thumbnailUrl": "https://cf.geekdo-images.com/thumb/img/Z59trGztbhTg0lO-YimBpO4MbSc=/fit-in/200x150/pic125581.jpg",
    "userRating": Object {
      "Warium": 8.5,
    },
    "yearPublished": 1989,
  },
  Object {
    "averagerating": 6.61025,
    "families": Array [
      Object {
        "bayesaverage": 5.81544,
        "friendlyName": "Strategy Game Rank",
        "name": "strategygames",
        "type": "family",
        "value": 1360,
      },
    ],
    "id": 132817,
    "imageUrl": "https://cf.geekdo-images.com/original/img/s_Zb0ClUM-tShnKE4YCSMf383Pg=/0x0/pic1658616.jpg",
    "maxPlayers": 6,
    "maxPlaytime": 70,
    "minPlayers": 2,
    "minPlaytime": 40,
    "name": "Xanadú",
    "numberOwned": 812,
    "playingTime": 70,
    "thumbnailUrl": "https://cf.geekdo-images.com/thumb/img/84HEpB3DnIFHsE93WUOIehk_-b8=/fit-in/200x150/pic1658616.jpg",
    "userRating": Object {
      "Warium": 8,
    },
    "yearPublished": 2012,
  },
  Object {
    "averagerating": 6.60998,
    "families": Array [],
    "id": 22863,
    "imageUrl": "https://cf.geekdo-images.com/original/img/SYqiV-5KdrcgwG5ZCEd-CV3AtPQ=/0x0/pic471477.jpg",
    "maxPlayers": 8,
    "maxPlaytime": 30,
    "minPlayers": 4,
    "minPlaytime": 30,
    "name": "Luck of the Draw",
    "numberOwned": 255,
    "playingTime": 30,
    "thumbnailUrl": "https://cf.geekdo-images.com/thumb/img/hPMuiz3p4pAVBxYgO5xM9qGKI4I=/fit-in/200x150/pic471477.jpg",
    "userRating": Object {
      "Warium": 7,
    },
    "yearPublished": 2006,
  },
  Object {
    "averagerating": 6.60475,
    "families": Array [
      Object {
        "bayesaverage": 6.20975,
        "friendlyName": "Party Game Rank",
        "name": "partygames",
        "type": "family",
        "value": 150,
      },
    ],
    "id": 7062,
    "imageUrl": "https://cf.geekdo-images.com/original/img/NXfZqzV2WgF67Rel8TWnCvDdne4=/0x0/pic309360.jpg",
    "maxPlayers": 8,
    "maxPlaytime": 60,
    "minPlayers": 3,
    "minPlaytime": 45,
    "name": "Smarty Party!",
    "numberOwned": 722,
    "playingTime": 60,
    "thumbnailUrl": "https://cf.geekdo-images.com/thumb/img/lIHuQbNL3P3E9j_4qQaBpMKGoTc=/fit-in/200x150/pic309360.jpg",
    "userRating": Object {
      "Warium": 7,
    },
    "yearPublished": 2003,
  },
  Object {
    "averagerating": 6.60369,
    "families": Array [
      Object {
        "bayesaverage": 6.34023,
        "friendlyName": "Family Game Rank",
        "name": "familygames",
        "type": "family",
        "value": 399,
      },
    ],
    "id": 1117,
    "imageUrl": "https://cf.geekdo-images.com/original/img/6JpL03TOx2lAbAapS12kGjgzN8Y=/0x0/pic1068602.jpg",
    "maxPlayers": 5,
    "maxPlaytime": 45,
    "minPlayers": 3,
    "minPlaytime": 45,
    "name": "You're Bluffing!",
    "numberOwned": 5231,
    "playingTime": 45,
    "thumbnailUrl": "https://cf.geekdo-images.com/thumb/img/ieK9v_hMu2PgIBbaoswHzgrY_ZQ=/fit-in/200x150/pic1068602.jpg",
    "userRating": Object {
      "Warium": 8.5,
    },
    "yearPublished": 1985,
  },
  Object {
    "averagerating": 6.60226,
    "families": Array [],
    "id": 146943,
    "imageUrl": "https://cf.geekdo-images.com/original/img/v88yq4EcwJMOabRNzb5Ud_UOfVs=/0x0/pic1765253.jpg",
    "maxPlayers": 5,
    "maxPlaytime": 60,
    "minPlayers": 3,
    "minPlaytime": 60,
    "name": "Warlock",
    "numberOwned": 450,
    "playingTime": 60,
    "thumbnailUrl": "https://cf.geekdo-images.com/thumb/img/guw560d8metRuzFoMV_TA9M2T_Y=/fit-in/200x150/pic1765253.jpg",
    "userRating": Object {
      "Warium": 8,
    },
    "yearPublished": 2013,
  },
  Object {
    "averagerating": 6.59983,
    "families": Array [
      Object {
        "bayesaverage": 6.43049,
        "friendlyName": "Thematic Rank",
        "name": "thematic",
        "type": "family",
        "value": 302,
      },
      Object {
        "bayesaverage": 6.39811,
        "friendlyName": "Family Game Rank",
        "name": "familygames",
        "type": "family",
        "value": 352,
      },
    ],
    "id": 43868,
    "imageUrl": "https://cf.geekdo-images.com/original/img/KcnX8I-fD1x-ST8kOJpUQHGgOX4=/0x0/pic517825.jpg",
    "maxPlayers": 6,
    "maxPlaytime": 45,
    "minPlayers": 2,
    "minPlaytime": 45,
    "name": "The Adventurers: The Temple of Chac",
    "numberOwned": 5313,
    "playingTime": 45,
    "thumbnailUrl": "https://cf.geekdo-images.com/thumb/img/xOKCkBGINLhhLMgBj8-Mg4LQ7zI=/fit-in/200x150/pic517825.jpg",
    "userRating": Object {
      "Warium": 8.5,
    },
    "yearPublished": 2009,
  },
  Object {
    "averagerating": 6.58566,
    "families": Array [
      Object {
        "bayesaverage": 6.20002,
        "friendlyName": "Party Game Rank",
        "name": "partygames",
        "type": "family",
        "value": 154,
      },
    ],
    "id": 140457,
    "imageUrl": "https://cf.geekdo-images.com/original/img/_bj8bPu6sY1kXGzZOMHr6A6TJAA=/0x0/pic1616566.jpg",
    "maxPlayers": 12,
    "maxPlaytime": 60,
    "minPlayers": 3,
    "minPlaytime": 30,
    "name": "Ultimate Werewolf: Inquisition",
    "numberOwned": 1670,
    "playingTime": 60,
    "thumbnailUrl": "https://cf.geekdo-images.com/thumb/img/xyNmjcCAFkuwk_RCCIDo60qm-8Y=/fit-in/200x150/pic1616566.jpg",
    "userRating": Object {
      "Warium": 7,
    },
    "yearPublished": 2013,
  },
  Object {
    "averagerating": 6.53438,
    "families": Array [
      Object {
        "bayesaverage": 6.40008,
        "friendlyName": "Family Game Rank",
        "name": "familygames",
        "type": "family",
        "value": 347,
      },
    ],
    "id": 116,
    "imageUrl": "https://cf.geekdo-images.com/original/img/kRxzkuN_djr8NjnrklqpEYTDzFM=/0x0/pic143139.jpg",
    "maxPlayers": 5,
    "maxPlaytime": 30,
    "minPlayers": 2,
    "minPlaytime": 30,
    "name": "Guillotine",
    "numberOwned": 25396,
    "playingTime": 30,
    "thumbnailUrl": "https://cf.geekdo-images.com/thumb/img/bpzsKbMbBy1wgNhFZVL4NlSMtII=/fit-in/200x150/pic143139.jpg",
    "userRating": Object {
      "Warium": 6.5,
    },
    "yearPublished": 1998,
  },
  Object {
    "averagerating": 6.52561,
    "families": Array [
      Object {
        "bayesaverage": 6.30305,
        "friendlyName": "Family Game Rank",
        "name": "familygames",
        "type": "family",
        "value": 430,
      },
    ],
    "id": 65515,
    "imageUrl": "https://cf.geekdo-images.com/original/img/6qK8pGGBSyp27oyN1Q46acFoBEA=/0x0/pic649087.jpg",
    "maxPlayers": 8,
    "maxPlaytime": 45,
    "minPlayers": 2,
    "minPlaytime": 45,
    "name": "Nuns on the Run",
    "numberOwned": 4827,
    "playingTime": 45,
    "thumbnailUrl": "https://cf.geekdo-images.com/thumb/img/yZ2Q_ui8dHrXX9zl7-GJFqlcWAI=/fit-in/200x150/pic649087.jpg",
    "userRating": Object {
      "Warium": 7.5,
    },
    "yearPublished": 2010,
  },
  Object {
    "averagerating": 6.51475,
    "families": Array [],
    "id": 148209,
    "imageUrl": "https://cf.geekdo-images.com/original/img/-l_WoAnjgt_7mvO5YYgSq_Vnn1U=/0x0/pic2059046.jpg",
    "maxPlayers": 9,
    "maxPlaytime": 45,
    "minPlayers": 3,
    "minPlaytime": 45,
    "name": "Slash: Romance without boundaries",
    "numberOwned": 265,
    "playingTime": 45,
    "thumbnailUrl": "https://cf.geekdo-images.com/thumb/img/sQ3jSpsIDYqFg94blRVUIg9CvJ8=/fit-in/200x150/pic2059046.jpg",
    "userRating": Object {
      "Warium": 4.5,
    },
    "yearPublished": 2013,
  },
  Object {
    "averagerating": 6.5,
    "families": Array [],
    "id": 164914,
    "imageUrl": "https://cf.geekdo-images.com/original/img/0aT9H6hUBpqWKzti8cxfL62KviM=/0x0/pic2224636.jpg",
    "maxPlayers": 7,
    "maxPlaytime": 45,
    "minPlayers": 2,
    "minPlaytime": 45,
    "name": "Asking for Trobils: Trobil Makers",
    "numberOwned": 8,
    "playingTime": 45,
    "thumbnailUrl": "https://cf.geekdo-images.com/thumb/img/TPUI50HZWL9wT8OUchaEOBeV7a8=/fit-in/200x150/pic2224636.jpg",
    "userRating": Object {
      "Warium": null,
    },
    "yearPublished": 2015,
  },
  Object {
    "averagerating": 6.47996,
    "families": Array [
      Object {
        "bayesaverage": 6.32449,
        "friendlyName": "Family Game Rank",
        "name": "familygames",
        "type": "family",
        "value": 414,
      },
    ],
    "id": 49,
    "imageUrl": "https://cf.geekdo-images.com/original/img/6cIB9eeKT0uLtv-n456t8aKIvfM=/0x0/pic2824027.jpg",
    "maxPlayers": 5,
    "maxPlaytime": 30,
    "minPlayers": 2,
    "minPlaytime": 30,
    "name": "Mamma Mia!",
    "numberOwned": 7002,
    "playingTime": 30,
    "thumbnailUrl": "https://cf.geekdo-images.com/thumb/img/cqBShx7i7jACgcYxJS_CsJtbLEU=/fit-in/200x150/pic2824027.jpg",
    "userRating": Object {
      "Warium": 8,
    },
    "yearPublished": 1998,
  },
  Object {
    "averagerating": 6.47491,
    "families": Array [
      Object {
        "bayesaverage": 6.18093,
        "friendlyName": "Party Game Rank",
        "name": "partygames",
        "type": "family",
        "value": 157,
      },
    ],
    "id": 2604,
    "imageUrl": "https://cf.geekdo-images.com/original/img/cq9INFoSVskuUF-KWjSkHGBHiR0=/0x0/pic336536.jpg",
    "maxPlayers": 6,
    "maxPlaytime": 30,
    "minPlayers": 3,
    "minPlaytime": 30,
    "name": "Compatibility",
    "numberOwned": 1440,
    "playingTime": 30,
    "thumbnailUrl": "https://cf.geekdo-images.com/thumb/img/EOtzzEG7QqamfHTazRs-_62DpNk=/fit-in/200x150/pic336536.jpg",
    "userRating": Object {
      "Warium": 6,
    },
    "yearPublished": 1996,
  },
  Object {
    "averagerating": 6.47005,
    "families": Array [
      Object {
        "bayesaverage": 5.99875,
        "friendlyName": "Family Game Rank",
        "name": "familygames",
        "type": "family",
        "value": 749,
      },
    ],
    "id": 24565,
    "imageUrl": "https://cf.geekdo-images.com/original/img/aIJp-TJozUDPkVpgmfsAL0iVtVY=/0x0/pic2695208.jpg",
    "maxPlayers": 5,
    "maxPlaytime": 60,
    "minPlayers": 4,
    "minPlaytime": 60,
    "name": "Magical Athlete",
    "numberOwned": 1102,
    "playingTime": 60,
    "thumbnailUrl": "https://cf.geekdo-images.com/thumb/img/sJLY-9UFY7FsHpK9sFZotL-_aew=/fit-in/200x150/pic2695208.jpg",
    "userRating": Object {
      "Warium": 8,
    },
    "yearPublished": 2002,
  },
  Object {
    "averagerating": 6.46647,
    "families": Array [
      Object {
        "bayesaverage": 5.87433,
        "friendlyName": "Strategy Game Rank",
        "name": "strategygames",
        "type": "family",
        "value": 1280,
      },
    ],
    "id": 56758,
    "imageUrl": "https://cf.geekdo-images.com/original/img/gBpC9MlnE69qNlDcgP4ZFFWvD8I=/0x0/pic561501.jpg",
    "maxPlayers": 5,
    "maxPlaytime": 50,
    "minPlayers": 2,
    "minPlaytime": 50,
    "name": "BasketBoss",
    "numberOwned": 588,
    "playingTime": 50,
    "thumbnailUrl": "https://cf.geekdo-images.com/thumb/img/7AEq_e4KhJMbNRC9Xlfvgpetzg4=/fit-in/200x150/pic561501.jpg",
    "userRating": Object {
      "Warium": 7,
    },
    "yearPublished": 2009,
  },
  Object {
    "averagerating": 6.45137,
    "families": Array [
      Object {
        "bayesaverage": 6.2289,
        "friendlyName": "Family Game Rank",
        "name": "familygames",
        "type": "family",
        "value": 489,
      },
    ],
    "id": 1042,
    "imageUrl": "https://cf.geekdo-images.com/original/img/X3476_QcA6b9Sc7wQWiWzo4xgsk=/0x0/pic2410752.jpg",
    "maxPlayers": 6,
    "maxPlaytime": 45,
    "minPlayers": 3,
    "minPlaytime": 45,
    "name": "Dragon's Gold",
    "numberOwned": 4155,
    "playingTime": 45,
    "thumbnailUrl": "https://cf.geekdo-images.com/thumb/img/vRgLIKJMuP9xFX8aKeu9yKEHVfc=/fit-in/200x150/pic2410752.jpg",
    "userRating": Object {
      "Warium": 8,
    },
    "yearPublished": 2001,
  },
  Object {
    "averagerating": 6.43767,
    "families": Array [
      Object {
        "bayesaverage": 6.10551,
        "friendlyName": "Family Game Rank",
        "name": "familygames",
        "type": "family",
        "value": 621,
      },
    ],
    "id": 44,
    "imageUrl": "https://cf.geekdo-images.com/original/img/c699TDpgwEHyjCMo02jWrT0WwsU=/0x0/pic359902.jpg",
    "maxPlayers": 6,
    "maxPlaytime": 60,
    "minPlayers": 3,
    "minPlaytime": 60,
    "name": "David & Goliath",
    "numberOwned": 1833,
    "playingTime": 60,
    "thumbnailUrl": "https://cf.geekdo-images.com/thumb/img/xAi8eO6eByp6u8TMmt8UrJoeKy8=/fit-in/200x150/pic359902.jpg",
    "userRating": Object {
      "Warium": 8,
    },
    "yearPublished": 1998,
  },
  Object {
    "averagerating": 6.42785,
    "families": Array [
      Object {
        "bayesaverage": 6.04695,
        "friendlyName": "Thematic Rank",
        "name": "thematic",
        "type": "family",
        "value": 488,
      },
      Object {
        "bayesaverage": 6.09933,
        "friendlyName": "Party Game Rank",
        "name": "partygames",
        "type": "family",
        "value": 184,
      },
    ],
    "id": 84159,
    "imageUrl": "https://cf.geekdo-images.com/original/img/QQLRw56n5xMij-DCGwNkrT4n1qk=/0x0/pic953844.jpg",
    "maxPlayers": 5,
    "maxPlaytime": 60,
    "minPlayers": 3,
    "minPlaytime": 45,
    "name": "Junta: Viva el Presidente!",
    "numberOwned": 1712,
    "playingTime": 60,
    "thumbnailUrl": "https://cf.geekdo-images.com/thumb/img/eKEUitBZ5cD-fo1wuXLYJasE-e4=/fit-in/200x150/pic953844.jpg",
    "userRating": Object {
      "Warium": 8,
    },
    "yearPublished": 2010,
  },
  Object {
    "averagerating": 6.42218,
    "families": Array [
      Object {
        "bayesaverage": 6.03219,
        "friendlyName": "Strategy Game Rank",
        "name": "strategygames",
        "type": "family",
        "value": 1102,
      },
      Object {
        "bayesaverage": 6.05278,
        "friendlyName": "Family Game Rank",
        "name": "familygames",
        "type": "family",
        "value": 681,
      },
    ],
    "id": 73863,
    "imageUrl": "https://cf.geekdo-images.com/original/img/JB9t7zVncRnXsEZBf_aKhd2vXLE=/0x0/pic1040235.jpg",
    "maxPlayers": 5,
    "maxPlaytime": 30,
    "minPlayers": 2,
    "minPlaytime": 30,
    "name": "Grimoire",
    "numberOwned": 2109,
    "playingTime": 30,
    "thumbnailUrl": "https://cf.geekdo-images.com/thumb/img/I8huD5rmXO5JClzod1d2sVFMKt8=/fit-in/200x150/pic1040235.jpg",
    "userRating": Object {
      "Warium": 8,
    },
    "yearPublished": 2010,
  },
  Object {
    "averagerating": 6.42185,
    "families": Array [
      Object {
        "bayesaverage": 6.24987,
        "friendlyName": "Party Game Rank",
        "name": "partygames",
        "type": "family",
        "value": 132,
      },
    ],
    "id": 163,
    "imageUrl": "https://cf.geekdo-images.com/original/img/MF5BpX_Vpx21a8xBaCOo4OuKwq8=/0x0/pic40574.jpg",
    "maxPlayers": 6,
    "maxPlaytime": 60,
    "minPlayers": 2,
    "minPlaytime": 60,
    "name": "Balderdash",
    "numberOwned": 7930,
    "playingTime": 60,
    "thumbnailUrl": "https://cf.geekdo-images.com/thumb/img/c6ofMooAX4QE9Xesd8lfVNKVyfY=/fit-in/200x150/pic40574.jpg",
    "userRating": Object {
      "Warium": 9.5,
    },
    "yearPublished": 1984,
  },
  Object {
    "averagerating": 6.37587,
    "families": Array [
      Object {
        "bayesaverage": 6.09875,
        "friendlyName": "Party Game Rank",
        "name": "partygames",
        "type": "family",
        "value": 185,
      },
    ],
    "id": 129556,
    "imageUrl": "https://cf.geekdo-images.com/original/img/moV2XxxMItQrdvmgMe2zEqXIgPQ=/0x0/pic2571306.jpg",
    "maxPlayers": 10,
    "maxPlaytime": 30,
    "minPlayers": 2,
    "minPlaytime": 30,
    "name": "Tapple",
    "numberOwned": 1573,
    "playingTime": 30,
    "thumbnailUrl": "https://cf.geekdo-images.com/thumb/img/26wPuMcwIcni0pf_FvD32kKF6Zw=/fit-in/200x150/pic2571306.jpg",
    "userRating": Object {
      "Warium": 7.5,
    },
    "yearPublished": 2012,
  },
  Object {
    "averagerating": 6.35286,
    "families": Array [
      Object {
        "bayesaverage": 6.08492,
        "friendlyName": "Thematic Rank",
        "name": "thematic",
        "type": "family",
        "value": 461,
      },
    ],
    "id": 167698,
    "imageUrl": "https://cf.geekdo-images.com/original/img/YG4ruK8bTC_ZA1z8FFz0WoXW2AI=/0x0/pic2411639.jpg",
    "maxPlayers": 5,
    "maxPlaytime": 60,
    "minPlayers": 2,
    "minPlaytime": 60,
    "name": "Magic: The Gathering – Arena of the Planeswalkers",
    "numberOwned": 8928,
    "playingTime": 60,
    "thumbnailUrl": "https://cf.geekdo-images.com/thumb/img/ZDIP5rLgatnm54j63T1d4KlMAUE=/fit-in/200x150/pic2411639.jpg",
    "userRating": Object {
      "Warium": 8,
    },
    "yearPublished": 2015,
  },
  Object {
    "averagerating": 6.34628,
    "families": Array [
      Object {
        "bayesaverage": 6.11839,
        "friendlyName": "Party Game Rank",
        "name": "partygames",
        "type": "family",
        "value": 178,
      },
    ],
    "id": 4174,
    "imageUrl": "https://cf.geekdo-images.com/original/img/MZ82yn8QOkeBfQKnSOOsL8vdbtg=/0x0/pic236080.jpg",
    "maxPlayers": 6,
    "maxPlaytime": 60,
    "minPlayers": 4,
    "minPlaytime": 60,
    "name": "Lifeboat",
    "numberOwned": 3781,
    "playingTime": 60,
    "thumbnailUrl": "https://cf.geekdo-images.com/thumb/img/8w9EukCbjtILY4j6zwZV78XP3bA=/fit-in/200x150/pic236080.jpg",
    "userRating": Object {
      "Warium": 7,
    },
    "yearPublished": 2002,
  },
  Object {
    "averagerating": 6.32034,
    "families": Array [
      Object {
        "bayesaverage": 6.02313,
        "friendlyName": "Family Game Rank",
        "name": "familygames",
        "type": "family",
        "value": 720,
      },
    ],
    "id": 357,
    "imageUrl": "https://cf.geekdo-images.com/original/img/95NqfPG5Jdj6WWimM-muIJFZQPI=/0x0/pic440763.jpg",
    "maxPlayers": 6,
    "maxPlaytime": 30,
    "minPlayers": 3,
    "minPlaytime": 30,
    "name": "Excape",
    "numberOwned": 1374,
    "playingTime": 30,
    "thumbnailUrl": "https://cf.geekdo-images.com/thumb/img/oS7864NkgIfl4k8dIPLz9qbW0k0=/fit-in/200x150/pic440763.jpg",
    "userRating": Object {
      "Warium": 7,
    },
    "yearPublished": 1998,
  },
  Object {
    "averagerating": 6.30952,
    "families": Array [
      Object {
        "bayesaverage": 5.96783,
        "friendlyName": "Party Game Rank",
        "name": "partygames",
        "type": "family",
        "value": 229,
      },
      Object {
        "bayesaverage": 5.90632,
        "friendlyName": "Family Game Rank",
        "name": "familygames",
        "type": "family",
        "value": 876,
      },
    ],
    "id": 1705,
    "imageUrl": "https://cf.geekdo-images.com/original/img/xt0PzLP7ot3z4jOXCXE_vgD9FVo=/0x0/pic904899.jpg",
    "maxPlayers": 10,
    "maxPlaytime": 30,
    "minPlayers": 2,
    "minPlaytime": 30,
    "name": "Slapshot",
    "numberOwned": 1514,
    "playingTime": 30,
    "thumbnailUrl": "https://cf.geekdo-images.com/thumb/img/FvWI-Z0Yv1XzlLa5vRZDMoxxEko=/fit-in/200x150/pic904899.jpg",
    "userRating": Object {
      "Warium": 7.5,
    },
    "yearPublished": 1982,
  },
  Object {
    "averagerating": 6.19272,
    "families": Array [
      Object {
        "bayesaverage": 5.71482,
        "friendlyName": "Family Game Rank",
        "name": "familygames",
        "type": "family",
        "value": 1188,
      },
    ],
    "id": 15410,
    "imageUrl": "https://cf.geekdo-images.com/original/img/_P8t-sqPcJufVcXudNw99hHLAYs=/0x0/pic352854.jpg",
    "maxPlayers": 5,
    "maxPlaytime": 30,
    "minPlayers": 2,
    "minPlaytime": 30,
    "name": "Walk the Dogs",
    "numberOwned": 536,
    "playingTime": 30,
    "thumbnailUrl": "https://cf.geekdo-images.com/thumb/img/AayZhxbGG-sYs9EZzgLsBI0jn1I=/fit-in/200x150/pic352854.jpg",
    "userRating": Object {
      "Warium": 6.5,
    },
    "yearPublished": 2005,
  },
  Object {
    "averagerating": 6.15587,
    "families": Array [
      Object {
        "bayesaverage": 5.92819,
        "friendlyName": "Strategy Game Rank",
        "name": "strategygames",
        "type": "family",
        "value": 1214,
      },
      Object {
        "bayesaverage": 5.93676,
        "friendlyName": "Family Game Rank",
        "name": "familygames",
        "type": "family",
        "value": 830,
      },
    ],
    "id": 4471,
    "imageUrl": "https://cf.geekdo-images.com/original/img/dA0RDlETr0NZPr97-D7v4vhD3jE=/0x0/pic441579.jpg",
    "maxPlayers": 6,
    "maxPlaytime": 45,
    "minPlayers": 3,
    "minPlaytime": 45,
    "name": "Fist of Dragonstones",
    "numberOwned": 2268,
    "playingTime": 45,
    "thumbnailUrl": "https://cf.geekdo-images.com/thumb/img/v8gHLXzIyyIfNtpV54TLIAJNwiM=/fit-in/200x150/pic441579.jpg",
    "userRating": Object {
      "Warium": 8,
    },
    "yearPublished": 2002,
  },
  Object {
    "averagerating": 6.1549,
    "families": Array [],
    "id": 2536,
    "imageUrl": "https://cf.geekdo-images.com/original/img/RLWlgUPKBtRZwb2V5t-2kIsO0vU=/0x0/pic96574.jpg",
    "maxPlayers": 6,
    "maxPlaytime": 30,
    "minPlayers": 3,
    "minPlaytime": 30,
    "name": "Vabanque",
    "numberOwned": 582,
    "playingTime": 30,
    "thumbnailUrl": "https://cf.geekdo-images.com/thumb/img/dXVb5X28J7GBT-metMa-H0H-esI=/fit-in/200x150/pic96574.jpg",
    "userRating": Object {
      "Warium": 8.5,
    },
    "yearPublished": 2001,
  },
  Object {
    "averagerating": 6.10378,
    "families": Array [
      Object {
        "bayesaverage": 5.87898,
        "friendlyName": "Family Game Rank",
        "name": "familygames",
        "type": "family",
        "value": 908,
      },
    ],
    "id": 655,
    "imageUrl": "https://cf.geekdo-images.com/original/img/vKtm9CXk82jfsSVwt9VJCzsreKc=/0x0/pic9642.jpg",
    "maxPlayers": 5,
    "maxPlaytime": 30,
    "minPlayers": 2,
    "minPlaytime": 30,
    "name": "Castle",
    "numberOwned": 2194,
    "playingTime": 30,
    "thumbnailUrl": "https://cf.geekdo-images.com/thumb/img/NnAwNYbinH3Pctlf2Wszj3tvvfM=/fit-in/200x150/pic9642.jpg",
    "userRating": Object {
      "Warium": 8,
    },
    "yearPublished": 2000,
  },
  Object {
    "averagerating": 6.09864,
    "families": Array [],
    "id": 141734,
    "imageUrl": "https://cf.geekdo-images.com/original/img/UDCqpJbglfQ5C90DyLkRmOkQ_N4=/0x0/pic2292316.jpg",
    "maxPlayers": 5,
    "maxPlaytime": 30,
    "minPlayers": 3,
    "minPlaytime": 30,
    "name": "String Safari",
    "numberOwned": 355,
    "playingTime": 30,
    "thumbnailUrl": "https://cf.geekdo-images.com/thumb/img/T3S0w4Z2tiufyw6D4e-HcjxD_pw=/fit-in/200x150/pic2292316.jpg",
    "userRating": Object {
      "Warium": 7.5,
    },
    "yearPublished": 2013,
  },
  Object {
    "averagerating": 6.03346,
    "families": Array [
      Object {
        "bayesaverage": 5.69354,
        "friendlyName": "Party Game Rank",
        "name": "partygames",
        "type": "family",
        "value": 343,
      },
    ],
    "id": 17705,
    "imageUrl": "https://cf.geekdo-images.com/original/img/GZAZVzU-QzS86Woti2rIm4rnJqc=/0x0/pic222530.jpg",
    "maxPlayers": 8,
    "maxPlaytime": 30,
    "minPlayers": 3,
    "minPlaytime": 30,
    "name": "Faces",
    "numberOwned": 425,
    "playingTime": 30,
    "thumbnailUrl": "https://cf.geekdo-images.com/thumb/img/DbPAJVXRrSDjZ6f3CYa5ze6XxtM=/fit-in/200x150/pic222530.jpg",
    "userRating": Object {
      "Warium": 9,
    },
    "yearPublished": 2003,
  },
  Object {
    "averagerating": 6.02764,
    "families": Array [
      Object {
        "bayesaverage": 5.76108,
        "friendlyName": "Party Game Rank",
        "name": "partygames",
        "type": "family",
        "value": 310,
      },
    ],
    "id": 136587,
    "imageUrl": "https://cf.geekdo-images.com/original/img/ciG1_qEEku5QLTisPQd3-mQLiZU=/0x0/pic1744976.jpg",
    "maxPlayers": 5,
    "maxPlaytime": 30,
    "minPlayers": 2,
    "minPlaytime": 30,
    "name": "Ninja Dice",
    "numberOwned": 2168,
    "playingTime": 30,
    "thumbnailUrl": "https://cf.geekdo-images.com/thumb/img/scilQykiTVmQvpTbum3Way_GlKY=/fit-in/200x150/pic1744976.jpg",
    "userRating": Object {
      "Warium": 7,
    },
    "yearPublished": 2013,
  },
  Object {
    "averagerating": 6.008,
    "families": Array [
      Object {
        "bayesaverage": 5.79759,
        "friendlyName": "Party Game Rank",
        "name": "partygames",
        "type": "family",
        "value": 287,
      },
    ],
    "id": 3595,
    "imageUrl": "https://cf.geekdo-images.com/original/img/FGbe7zz-WMfMlHFuf5DYJpmED_U=/0x0/pic829005.jpg",
    "maxPlayers": 8,
    "maxPlaytime": 30,
    "minPlayers": 3,
    "minPlaytime": 30,
    "name": "Squint",
    "numberOwned": 1121,
    "playingTime": 30,
    "thumbnailUrl": "https://cf.geekdo-images.com/thumb/img/ttJ6gI3S2vnDdeCWGlcnCOpwo7c=/fit-in/200x150/pic829005.jpg",
    "userRating": Object {
      "Warium": 6.5,
    },
    "yearPublished": 2002,
  },
  Object {
    "averagerating": 5.91798,
    "families": Array [],
    "id": 141829,
    "imageUrl": "https://cf.geekdo-images.com/original/img/tT3g0Twc9wk9ukXXyOjCePE-r2E=/0x0/pic1642230.jpg",
    "maxPlayers": 8,
    "maxPlaytime": 30,
    "minPlayers": 3,
    "minPlaytime": 30,
    "name": "7-Card Slugfest",
    "numberOwned": 443,
    "playingTime": 30,
    "thumbnailUrl": "https://cf.geekdo-images.com/thumb/img/aOCFWbroAewD9tend5WU3Mr2LIY=/fit-in/200x150/pic1642230.jpg",
    "userRating": Object {
      "Warium": 7.5,
    },
    "yearPublished": 2013,
  },
  Object {
    "averagerating": 5.85079,
    "families": Array [
      Object {
        "bayesaverage": 5.60546,
        "friendlyName": "Party Game Rank",
        "name": "partygames",
        "type": "family",
        "value": 385,
      },
    ],
    "id": 74,
    "imageUrl": "https://cf.geekdo-images.com/original/img/hk2t6NE3MDErfwv0A4vbsImnSWY=/0x0/pic213515.jpg",
    "maxPlayers": 10,
    "maxPlaytime": 30,
    "minPlayers": 4,
    "minPlaytime": 30,
    "name": "Apples to Apples",
    "numberOwned": 23341,
    "playingTime": 30,
    "thumbnailUrl": "https://cf.geekdo-images.com/thumb/img/SLrCC5Vc1K2qxQ-sw3U4lHk9nQk=/fit-in/200x150/pic213515.jpg",
    "userRating": Object {
      "Warium": 8,
    },
    "yearPublished": 1999,
  },
  Object {
    "averagerating": 5.84553,
    "families": Array [
      Object {
        "bayesaverage": 5.6684,
        "friendlyName": "Family Game Rank",
        "name": "familygames",
        "type": "family",
        "value": 1287,
      },
    ],
    "id": 138317,
    "imageUrl": "https://cf.geekdo-images.com/original/img/-9hmU9932eWzyzRqtAH8oCaa708=/0x0/pic2726917.jpg",
    "maxPlayers": 5,
    "maxPlaytime": 45,
    "minPlayers": 3,
    "minPlaytime": 45,
    "name": "Trains and Stations",
    "numberOwned": 1697,
    "playingTime": 45,
    "thumbnailUrl": "https://cf.geekdo-images.com/thumb/img/bL_Qw-EEY4w8TLFUjA69BSarKFk=/fit-in/200x150/pic2726917.jpg",
    "userRating": Object {
      "Warium": 7,
    },
    "yearPublished": 2013,
  },
  Object {
    "averagerating": 5.8375,
    "families": Array [
      Object {
        "bayesaverage": 5.56601,
        "friendlyName": "Abstract Game Rank",
        "name": "abstracts",
        "type": "family",
        "value": 670,
      },
      Object {
        "bayesaverage": 5.52467,
        "friendlyName": "Family Game Rank",
        "name": "familygames",
        "type": "family",
        "value": 1622,
      },
    ],
    "id": 70922,
    "imageUrl": "https://cf.geekdo-images.com/original/img/zpVI02_5lOqCVDSXCJbS6Y_Yaek=/0x0/pic828851.jpg",
    "maxPlayers": 6,
    "maxPlaytime": 30,
    "minPlayers": 2,
    "minPlaytime": 30,
    "name": "Vicious Fishes",
    "numberOwned": 40,
    "playingTime": 30,
    "thumbnailUrl": "https://cf.geekdo-images.com/thumb/img/ZUltF-stxfixZy8gEaKUVhnuMsU=/fit-in/200x150/pic828851.jpg",
    "userRating": Object {
      "Warium": 6,
    },
    "yearPublished": 2010,
  },
  Object {
    "averagerating": 5.53872,
    "families": Array [],
    "id": 2972,
    "imageUrl": "https://cf.geekdo-images.com/original/img/XlVEhFSOJt-D8xAnxokf21uI4k4=/0x0/pic72653.jpg",
    "maxPlayers": 8,
    "maxPlaytime": 45,
    "minPlayers": 3,
    "minPlaytime": 45,
    "name": "Fantasy Business",
    "numberOwned": 741,
    "playingTime": 45,
    "thumbnailUrl": "https://cf.geekdo-images.com/thumb/img/oIDCGoUQQUlkslDeKqZRXJIN16g=/fit-in/200x150/pic72653.jpg",
    "userRating": Object {
      "Warium": 8,
    },
    "yearPublished": 2002,
  },
  Object {
    "averagerating": 5.53512,
    "families": Array [
      Object {
        "bayesaverage": 5.43461,
        "friendlyName": "Party Game Rank",
        "name": "partygames",
        "type": "family",
        "value": 461,
      },
    ],
    "id": 86073,
    "imageUrl": "https://cf.geekdo-images.com/original/img/JqPv-2fHfgxxKqVR_PEGEdEeG1E=/0x0/pic3772064.png",
    "maxPlayers": 6,
    "maxPlaytime": 30,
    "minPlayers": 3,
    "minPlaytime": 30,
    "name": "5 Second Rule",
    "numberOwned": 2555,
    "playingTime": 30,
    "thumbnailUrl": "https://cf.geekdo-images.com/thumb/img/51KscgsVQaNfvrzsnrosOG0EMmo=/fit-in/200x150/pic3772064.png",
    "userRating": Object {
      "Warium": null,
    },
    "yearPublished": 2010,
  },
  Object {
    "averagerating": 5.48704,
    "families": Array [
      Object {
        "bayesaverage": 5.48291,
        "friendlyName": "Children's Game Rank",
        "name": "childrensgames",
        "type": "family",
        "value": 386,
      },
    ],
    "id": 7862,
    "imageUrl": "https://cf.geekdo-images.com/original/img/dydNPZO6MUiSMfr4T3PaOhoWlSQ=/0x0/pic1600609.jpg",
    "maxPlayers": 6,
    "maxPlaytime": 30,
    "minPlayers": 2,
    "minPlaytime": 30,
    "name": "Birds, Bugs and Beans",
    "numberOwned": 112,
    "playingTime": 30,
    "thumbnailUrl": "https://cf.geekdo-images.com/thumb/img/6h19Sk7bx-3qyUc09LNCJu2BUFc=/fit-in/200x150/pic1600609.jpg",
    "userRating": Object {
      "Warium": 6,
    },
    "yearPublished": 2003,
  },
]
`;
